// Jest Snapshot v1, https://goo.gl/fbAQLP

exports[`Loader Components Render Successfully 1`] = `
<div>
  <div
    style="align-items: center; display: flex; justify-content: center; height: 10vh; width: 100vw;"
  >
    <span
      style="justify-content: center; position: fixed; top: 55%;"
    >
      <span
        class="MuiCircularProgress-root MuiCircularProgress-indeterminate MuiCircularProgress-colorPrimary css-18lrjg1-MuiCircularProgress-root"
        role="progressbar"
        style="width: 60px; height: 60px;"
      >
        <svg
          class="MuiCircularProgress-svg css-1idz92c-MuiCircularProgress-svg"
          viewBox="22 22 44 44"
        >
          <circle
            class="MuiCircularProgress-circle MuiCircularProgress-circleIndeterminate css-176wh8e-MuiCircularProgress-circle"
            cx="44"
            cy="44"
            fill="none"
            r="20.2"
            stroke-width="3.6"
          />
        </svg>
      </span>
    </span>
  </div>
</div>
`;
